{"ciphertext": "d0xU+6jRSAQU+GeQyZv2Og==", "iv": "IMyKJ2ZSu64bnqC/Er7snA=="}{"ciphertext": "IeKsi4BFFr094kHilL10BQ==", "iv": "IMyKJ2ZSu64bnqC/Er7snA=="}{"ciphertext": "mz40uzd3dEOE6DpknMHlJg==", "iv": "IMyKJ2ZSu64bnqC/Er7snA=="}{"ciphertext": "GrnoONtLVgdclxnkkqs28Q==", "iv": "IMyKJ2ZSu64bnqC/Er7snA=="}{"ciphertext": "ajdmKsmz0OSVyUttqJ8c5A==", "iv": "IMyKJ2ZSu64bnqC/Er7snA=="}{"ciphertext": "WQfh9BOykUimMPR3XIyYqw==", "iv": "IMyKJ2ZSu64bnqC/Er7snA=="}{"ciphertext": "e/bnbHaugzacRmIYANjozg==", "iv": "IMyKJ2ZSu64bnqC/Er7snA=="}{"ciphertext": "UsbOVoLf9xQpAEEvzJ3bxg==", "iv": "IMyKJ2ZSu64bnqC/Er7snA=="}{"ciphertext": "+q9Oot0hp45/ZnyGYqsM7A==", "iv": "IMyKJ2ZSu64bnqC/Er7snA=="}{"ciphertext": "9qxIBtVzyT+aH/gHeXSwhQ==", "iv": "IMyKJ2ZSu64bnqC/Er7snA=="}{"ciphertext": "Qp2qC1xnjx+xjLGzytSGnA==", "iv": "IMyKJ2ZSu64bnqC/Er7snA=="}{"ciphertext": "HM5E4nFZiCRT/KnBp0H6Iw==", "iv": "IMyKJ2ZSu64bnqC/Er7snA=="}{"ciphertext": "YT9eUbsKu+p9DXdaCJZ+BQ==", "iv": "IMyKJ2ZSu64bnqC/Er7snA=="}{"ciphertext": "VDgBzhsbyferkWUemyGp/Q==", "iv": "IMyKJ2ZSu64bnqC/Er7snA=="}{"ciphertext": "0UyfHBGeU06IsWzhBcwHsQ==", "iv": "IMyKJ2ZSu64bnqC/Er7snA=="}{"ciphertext": "E3OxDC4ckuhD0Zp/pzPS4Q==", "iv": "IMyKJ2ZSu64bnqC/Er7snA=="}{"ciphertext": "nZmXLS6hqEoMjFp9w6kjAA==", "iv": "IMyKJ2ZSu64bnqC/Er7snA=="}{"ciphertext": "I1jzxB7fGx/H92DkvpDFyw==", "iv": "IMyKJ2ZSu64bnqC/Er7snA=="}{"ciphertext": "ntMYokJdglpg38fJ2CZyjg==", "iv": "IMyKJ2ZSu64bnqC/Er7snA=="}{"ciphertext": "HK7PabwQrQzGmCmsyyh1eA==", "iv": "IMyKJ2ZSu64bnqC/Er7snA=="}{"ciphertext": "K9VrC08wxi1DbSRqynXxbg==", "iv": "IMyKJ2ZSu64bnqC/Er7snA=="}{"ciphertext": "ZtzuXK5j8q3RPETK29VGeg==", "iv": "IMyKJ2ZSu64bnqC/Er7snA=="}{"ciphertext": "BShXTFlSdPA58//cOODYHQ==", "iv": "IMyKJ2ZSu64bnqC/Er7snA=="}{"ciphertext": "4L69dsgZsHoVuXlo1itFZw==", "iv": "IMyKJ2ZSu64bnqC/Er7snA=="}{"ciphertext": "pKEhDhiYLP32r7Ms4LrASg==", "iv": "IMyKJ2ZSu64bnqC/Er7snA=="}{"ciphertext": "kQfzJ98wd4rc2e11xwtAkg==", "iv": "IMyKJ2ZSu64bnqC/Er7snA=="}{"ciphertext": "r/9rPWhRnSfFw4thOEcMQQ==", "iv": "IMyKJ2ZSu64bnqC/Er7snA=="}{"ciphertext": "PrIBY9CzYSTbqlvV3cm+UQ==", "iv": "IMyKJ2ZSu64bnqC/Er7snA=="}{"ciphertext": "2f5bdGSqlIqZbsg1P8m8Uw==", "iv": "IMyKJ2ZSu64bnqC/Er7snA=="}{"ciphertext": "uy3/NZr8kUQNW+j2mSMO0g==", "iv": "IMyKJ2ZSu64bnqC/Er7snA=="}{"ciphertext": "eF+Scv0m+6PjPfdSBND96A==", "iv": "IMyKJ2ZSu64bnqC/Er7snA=="}{"ciphertext": "3qTF5o4RcJwH7irKPop4ew==", "iv": "IMyKJ2ZSu64bnqC/Er7snA=="}{"ciphertext": "o+aSTo6D3g3Eqrgw+dn4dg==", "iv": "IMyKJ2ZSu64bnqC/Er7snA=="}{"ciphertext": "sMrSZdIU49mF4KuyYYn7Cw==", "iv": "IMyKJ2ZSu64bnqC/Er7snA=="}{"ciphertext": "fh+2IUCHZWYcfdC2AuXL0A==", "iv": "IMyKJ2ZSu64bnqC/Er7snA=="}{"ciphertext": "ojlDadI8kIeI3UvsIW1mgQ==", "iv": "IMyKJ2ZSu64bnqC/Er7snA=="}{"ciphertext": "Jqpz2xiXHRMY5CYuy7BnrA==", "iv": "IMyKJ2ZSu64bnqC/Er7snA=="}{"ciphertext": "DZEnAMXGKYNuv6DgJrhuHA==", "iv": "IMyKJ2ZSu64bnqC/Er7snA=="}{"ciphertext": "U3cTvNYSvvFVooA3H9YDPA==", "iv": "IMyKJ2ZSu64bnqC/Er7snA=="}{"ciphertext": "l1L6AL3WgI1MOlEc3I7vsg==", "iv": "IMyKJ2ZSu64bnqC/Er7snA=="}{"ciphertext": "rTNM5huaS4pRM8UpfYeTlA==", "iv": "IMyKJ2ZSu64bnqC/Er7snA=="}{"ciphertext": "YLWLY08JqgUOzY7FabnpCA==", "iv": "IMyKJ2ZSu64bnqC/Er7snA=="}{"ciphertext": "t3GppOvMXBnMlcOS5I0YvA==", "iv": "IMyKJ2ZSu64bnqC/Er7snA=="}{"ciphertext": "KJpQJL0dYj7m2YDojOXnZg==", "iv": "IMyKJ2ZSu64bnqC/Er7snA=="}{"ciphertext": "Q2Z0t3Si1cTvqvfQcZCUxQ==", "iv": "IMyKJ2ZSu64bnqC/Er7snA=="}{"ciphertext": "YCUI8OZdc/hsggHkv+uImQ==", "iv": "IMyKJ2ZSu64bnqC/Er7snA=="}{"ciphertext": "2GWoiync4PdL5erekmDB6g==", "iv": "IMyKJ2ZSu64bnqC/Er7snA=="}{"ciphertext": "DkvI+L0+9acHzKQPib77LA==", "iv": "IMyKJ2ZSu64bnqC/Er7snA=="}{"ciphertext": "Imqfzl2FxjDcXVJBEfdzrw==", "iv": "IMyKJ2ZSu64bnqC/Er7snA=="}{"ciphertext": "YO23ij/RWGjepebjXAORZg==", "iv": "IMyKJ2ZSu64bnqC/Er7snA=="}{"ciphertext": "2J5N26Gnu7rY24Q8rte3BA==", "iv": "IMyKJ2ZSu64bnqC/Er7snA=="}{"ciphertext": "hRoPWYXcq/pynvoI0lkOpw==", "iv": "IMyKJ2ZSu64bnqC/Er7snA=="}{"ciphertext": "8Ohs1JzYGo+wNluI+Sdy1Q==", "iv": "IMyKJ2ZSu64bnqC/Er7snA=="}{"ciphertext": "+9YbglyO3YsPB1X2Lz/OMQ==", "iv": "IMyKJ2ZSu64bnqC/Er7snA=="}{"ciphertext": "joicD4qA9MZpQWMEV6unjg==", "iv": "IMyKJ2ZSu64bnqC/Er7snA=="}{"ciphertext": "KtkwZNbhQJiV7Aey4LrQ1w==", "iv": "IMyKJ2ZSu64bnqC/Er7snA=="}{"ciphertext": "7SiHNVp3xiWPqNRzP5XCFQ==", "iv": "IMyKJ2ZSu64bnqC/Er7snA=="}{"ciphertext": "I8TMf/ibJne+ws/F2ByQHw==", "iv": "IMyKJ2ZSu64bnqC/Er7snA=="}{"ciphertext": "/HXLPlpA/DwQKx/A9gLYwQ==", "iv": "IMyKJ2ZSu64bnqC/Er7snA=="}{"ciphertext": "FHlgfbp4v3tkxuwMHHle6Q==", "iv": "IMyKJ2ZSu64bnqC/Er7snA=="}{"ciphertext": "i0bu0cHIA1iPXM8uleR7kQ==", "iv": "IMyKJ2ZSu64bnqC/Er7snA=="}{"ciphertext": "ccI8E+yVL8VNt2WsjXKq8g==", "iv": "IMyKJ2ZSu64bnqC/Er7snA=="}{"ciphertext": "iX0DlLtFAPqQU4xGDXKjtg==", "iv": "IMyKJ2ZSu64bnqC/Er7snA=="}{"ciphertext": "2533iKjv3nDDmcCAN3ytLA==", "iv": "IMyKJ2ZSu64bnqC/Er7snA=="}{"ciphertext": "ID2EdXhPS5L+O2cW7tgafw==", "iv": "IMyKJ2ZSu64bnqC/Er7snA=="}{"ciphertext": "lCz45j4bE8evCQ3+UD2J0g==", "iv": "IMyKJ2ZSu64bnqC/Er7snA=="}{"ciphertext": "tA8PKz9kfu6lfKeUvrxUpw==", "iv": "IMyKJ2ZSu64bnqC/Er7snA=="}{"ciphertext": "XevkwLAZ9GreU2+lXFC7Sw==", "iv": "IMyKJ2ZSu64bnqC/Er7snA=="}{"ciphertext": "g/dosYwfDFW6ND/u1c6dMw==", "iv": "IMyKJ2ZSu64bnqC/Er7snA=="}